[backblue.gif]
[fade.gif]
[index.html]
[tunatheme.com/tf/html/quarter-preview/quarter/img/favicon.png]
[tunatheme.com/tf/html/quarter-preview/quarter/img/logo.png]
[tunatheme.com/tf/html/quarter-preview/quarter/img/home-demos/home-1.jpg]
[tunatheme.com/tf/html/quarter-preview/quarter/img/home-demos/home-2.jpg]
[tunatheme.com/tf/html/quarter-preview/quarter/img/home-demos/home-3.jpg]
[tunatheme.com/tf/html/quarter-preview/quarter/img/home-demos/home-6.jpg]
[tunatheme.com/tf/html/quarter-preview/quarter/img/home-demos/home-7.jpg]
[tunatheme.com/tf/html/quarter-preview/quarter/img/banner/menu-banner-1.jpg]
[tunatheme.com/tf/html/quarter-preview/quarter/img/product/1.png]
[tunatheme.com/tf/html/quarter-preview/quarter/img/product/2.png]
[tunatheme.com/tf/html/quarter-preview/quarter/img/product/3.png]
[tunatheme.com/tf/html/quarter-preview/quarter/img/product/4.png]
[tunatheme.com/tf/html/quarter-preview/quarter/img/slider/61.jpg]
[tunatheme.com/tf/html/quarter-preview/quarter/img/slider/62.jpg]
[tunatheme.com/tf/html/quarter-preview/quarter/img/slider/63.jpg]
[tunatheme.com/tf/html/quarter-preview/quarter/img/slider/64.jpg]
[tunatheme.com/tf/html/quarter-preview/quarter/img/others/11.png]
[tunatheme.com/tf/html/quarter-preview/quarter/img/others/8.png]
[tunatheme.com/tf/html/quarter-preview/quarter/img/icons/icon-img/21.png]
[tunatheme.com/tf/html/quarter-preview/quarter/img/product-3/3.jpg]
[tunatheme.com/tf/html/quarter-preview/quarter/img/product-3/2.jpg]
[tunatheme.com/tf/html/quarter-preview/quarter/img/product-3/7.jpg]
[tunatheme.com/tf/html/quarter-preview/quarter/img/others/10.png]
[tunatheme.com/tf/html/quarter-preview/quarter/img/bg/20.jpg]
[tunatheme.com/tf/html/quarter-preview/quarter/img/product-3/1.jpg]
[tunatheme.com/tf/html/quarter-preview/quarter/img/neighbour/1.jpg]
[tunatheme.com/tf/html/quarter-preview/quarter/img/neighbour/2.jpg]
[tunatheme.com/tf/html/quarter-preview/quarter/img/neighbour/3.jpg]
[tunatheme.com/tf/html/quarter-preview/quarter/img/product-3/4.jpg]
[tunatheme.com/tf/html/quarter-preview/quarter/img/bg/17.jpg]
[tunatheme.com/tf/html/quarter-preview/quarter/img/bg/23.jpg]
[tunatheme.com/tf/html/quarter-preview/quarter/img/testimonial/1.jpg]
[tunatheme.com/tf/html/quarter-preview/quarter/img/testimonial/2.jpg]
[tunatheme.com/tf/html/quarter-preview/quarter/img/testimonial/3.jpg]
[tunatheme.com/tf/html/quarter-preview/quarter/img/testimonial/4.jpg]
[tunatheme.com/tf/html/quarter-preview/quarter/img/blog/1.jpg]
[tunatheme.com/tf/html/quarter-preview/quarter/img/blog/2.jpg]
[tunatheme.com/tf/html/quarter-preview/quarter/img/blog/3.jpg]
[tunatheme.com/tf/html/quarter-preview/quarter/img/blog/4.jpg]
[tunatheme.com/tf/html/quarter-preview/quarter/img/blog/5.jpg]
[tunatheme.com/tf/html/quarter-preview/quarter/img/logo-2.png]
[tunatheme.com/tf/html/quarter-preview/quarter/img/icons/payment-4.png]
[tunatheme.com/tf/html/quarter-preview/quarter/img/icons/payment.png]
[tunatheme.com/tf/html/quarter-preview/quarter/img/product/7.png]
[tunatheme.com/tf/html/quarter-preview/quarter/js/plugins.js]
[tunatheme.com/tf/html/quarter-preview/quarter/js/main.js]
[tunatheme.com/tf/html/quarter-preview/quarter/index-2.html]
[tunatheme.com/tf/html/quarter-preview/quarter/webfonts/fa-brands-400.woff2]
[tunatheme.com/tf/html/quarter-preview/quarter/webfonts/fa-brands-400.ttf]
[tunatheme.com/tf/html/quarter-preview/quarter/webfonts/fa-regular-400.woff2]
[tunatheme.com/tf/html/quarter-preview/quarter/webfonts/fa-regular-400.ttf]
[tunatheme.com/tf/html/quarter-preview/quarter/webfonts/fa-solid-900.woff2]
[tunatheme.com/tf/html/quarter-preview/quarter/webfonts/fa-solid-900.ttf]
[tunatheme.com/tf/html/quarter-preview/quarter/webfonts/fa-v4compatibility.woff2]
[tunatheme.com/tf/html/quarter-preview/quarter/webfonts/fa-v4compatibility.ttf]
[tunatheme.com/tf/html/quarter-preview/quarter/fonts/flaticon4a47.ttf]
[tunatheme.com/tf/html/quarter-preview/quarter/fonts/flaticon4a47.woff]
[tunatheme.com/tf/html/quarter-preview/quarter/fonts/flaticon4a47.woff2]
[tunatheme.com/tf/html/quarter-preview/quarter/fonts/flaticon4a47.eot]
[tunatheme.com/tf/html/quarter-preview/quarter/fonts/icomoon7d2d.eot]
[tunatheme.com/tf/html/quarter-preview/quarter/fonts/icomoon7d2d.ttf]
[tunatheme.com/tf/html/quarter-preview/quarter/fonts/icomoon7d2d.woff]
[tunatheme.com/tf/html/quarter-preview/quarter/css/font-icons.css]
[tunatheme.com/tf/html/quarter-preview/quarter/img/effect/1.png]
[tunatheme.com/tf/html/quarter-preview/quarter/img/effect/2.png]
[tunatheme.com/tf/html/quarter-preview/quarter/img/effect/3.png]
[tunatheme.com/tf/html/quarter-preview/quarter/img/effect/4.png]
[tunatheme.com/tf/html/quarter-preview/quarter/img/effect/5.png]
[tunatheme.com/tf/html/quarter-preview/quarter/img/effect/6.png]
[tunatheme.com/tf/html/quarter-preview/quarter/img/slider/1.jpg]
[tunatheme.com/tf/html/quarter-preview/quarter/img/slider/2.jpg]
[tunatheme.com/tf/html/quarter-preview/quarter/img/bg/21.jpg]
[tunatheme.com/tf/html/quarter-preview/quarter/img/icons/car.png]
[tunatheme.com/tf/html/quarter-preview/quarter/css/style.css]
[tunatheme.com/tf/html/quarter-preview/quarter/css/responsive.css]
[tunatheme.com/tf/html/quarter-preview/quarter/img/slider/21.png]
[tunatheme.com/tf/html/quarter-preview/quarter/img/others/7.png]
[tunatheme.com/tf/html/quarter-preview/quarter/img/img-slide/11.jpg]
[tunatheme.com/tf/html/quarter-preview/quarter/img/img-slide/12.jpg]
[tunatheme.com/tf/html/quarter-preview/quarter/img/img-slide/13.jpg]
[tunatheme.com/tf/html/quarter-preview/quarter/img/others/9.png]
[tunatheme.com/tf/html/quarter-preview/quarter/img/blog/author.jpg]
[tunatheme.com/tf/html/quarter-preview/quarter/img/product-3/5.jpg]
[tunatheme.com/tf/html/quarter-preview/quarter/img/bg/19.jpg]
[tunatheme.com/tf/html/quarter-preview/quarter/img/bg/5.jpg]
[tunatheme.com/tf/html/quarter-preview/quarter/img/brand-logo/1.png]
[tunatheme.com/tf/html/quarter-preview/quarter/img/brand-logo/2.png]
[tunatheme.com/tf/html/quarter-preview/quarter/img/brand-logo/3.png]
[tunatheme.com/tf/html/quarter-preview/quarter/img/brand-logo/4.png]
[tunatheme.com/tf/html/quarter-preview/quarter/img/brand-logo/5.png]
[tunatheme.com/tf/html/quarter-preview/quarter/index.html]
[tunatheme.com/tf/html/quarter-preview/quarter/img/slider/11.jpg]
[tunatheme.com/tf/html/quarter-preview/quarter/img/home-demos/home-1.jpg]
[tunatheme.com/tf/html/quarter-preview/quarter/img/slider/12.jpg]
[tunatheme.com/tf/html/quarter-preview/quarter/img/slider/13.jpg]
[tunatheme.com/tf/html/quarter-preview/quarter/index-3.html]
[tunatheme.com/tf/html/quarter-preview/quarter/img/slider/14.jpg]
[tunatheme.com/tf/html/quarter-preview/quarter/img/gallery/2.jpg]
[tunatheme.com/tf/html/quarter-preview/quarter/img/gallery/3.jpg]
[tunatheme.com/tf/html/quarter-preview/quarter/img/gallery/7.jpg]
[tunatheme.com/tf/html/quarter-preview/quarter/img/gallery/8.jpg]
[tunatheme.com/tf/html/quarter-preview/quarter/img/gallery/9.jpg]
[tunatheme.com/tf/html/quarter-preview/quarter/img/bg/6.jpg]
[tunatheme.com/tf/html/quarter-preview/quarter/img/bg/11.png]
[tunatheme.com/tf/html/quarter-preview/quarter/img/bg/15.jpg]
[tunatheme.com/tf/html/quarter-preview/quarter/img/bg/7.jpg]
[tunatheme.com/tf/html/quarter-preview/quarter/img/brand-logo/b1.png]
[tunatheme.com/tf/html/quarter-preview/quarter/img/brand-logo/b2.png]
[tunatheme.com/tf/html/quarter-preview/quarter/img/brand-logo/b3.png]
[tunatheme.com/tf/html/quarter-preview/quarter/img/brand-logo/b4.png]
[tunatheme.com/tf/html/quarter-preview/quarter/img/brand-logo/b5.png]
[tunatheme.com/tf/html/quarter-preview/quarter/img/bg/8.jpg]
[tunatheme.com/tf/html/quarter-preview/quarter/img/blog/6.jpg]
[tunatheme.com/tf/html/quarter-preview/quarter/img/img-slide/21.jpg]
[tunatheme.com/tf/html/quarter-preview/quarter/img/img-slide/22.jpg]
[tunatheme.com/tf/html/quarter-preview/quarter/img/img-slide/23.jpg]
[tunatheme.com/tf/html/quarter-preview/quarter/img/img-slide/24.jpg]
[tunatheme.com/tf/html/quarter-preview/quarter/index-4.html]
[tunatheme.com/tf/html/quarter-preview/quarter/img/home-demos/home-4.jpg]
[tunatheme.com/tf/html/quarter-preview/quarter/media/3.mp4]
[tunatheme.com/tf/html/quarter-preview/quarter/img/slider/41.jpg]
[tunatheme.com/tf/html/quarter-preview/quarter/index-5.html]
[tunatheme.com/tf/html/quarter-preview/quarter/img/home-demos/home-5.jpg]
[tunatheme.com/tf/html/quarter-preview/quarter/img/product-3/6.jpg]
[tunatheme.com/tf/html/quarter-preview/quarter/index-6.html]
[tunatheme.com/tf/html/quarter-preview/quarter/index-7.html]
[tunatheme.com/tf/html/quarter-preview/quarter/img/slider/111.jpg]
[tunatheme.com/tf/html/quarter-preview/quarter/index-9.html]
[tunatheme.com/tf/html/quarter-preview/quarter/img/home-demos/home-9.jpg]
[tunatheme.com/tf/html/quarter-preview/quarter/img/home-demos/home-8.jpg]
[tunatheme.com/tf/html/quarter-preview/quarter/img/home-demos/home-10.jpg]
[tunatheme.com/tf/html/quarter-preview/quarter/img/home-demos/home-11.jpg]
[tunatheme.com/tf/html/quarter-preview/quarter/img/bg/14.jpg]
[tunatheme.com/tf/html/quarter-preview/quarter/img/others/13.png]
[tunatheme.com/tf/html/quarter-preview/quarter/img/team/4.jpg]
[tunatheme.com/tf/html/quarter-preview/quarter/img/team/2.jpg]
[tunatheme.com/tf/html/quarter-preview/quarter/img/team/5.jpg]
[tunatheme.com/tf/html/quarter-preview/quarter/about.html]
[tunatheme.com/tf/html/quarter-preview/quarter/img/service/11.jpg]
[tunatheme.com/tf/html/quarter-preview/quarter/service.html]
[tunatheme.com/tf/html/quarter-preview/quarter/img/service/21.jpg]
[tunatheme.com/tf/html/quarter-preview/quarter/img/service/31.jpg]
[tunatheme.com/tf/html/quarter-preview/quarter/img/service/32.jpg]
[tunatheme.com/tf/html/quarter-preview/quarter/img/banner/banner-1.jpg]
[tunatheme.com/tf/html/quarter-preview/quarter/service-details.html]
[tunatheme.com/tf/html/quarter-preview/quarter/img/gallery/1.jpg]
[tunatheme.com/tf/html/quarter-preview/quarter/img/gallery/4.jpg]
[tunatheme.com/tf/html/quarter-preview/quarter/media/1.mp4]
[tunatheme.com/tf/html/quarter-preview/quarter/img/gallery/5.jpg]
[tunatheme.com/tf/html/quarter-preview/quarter/img/gallery/6.jpg]
[tunatheme.com/tf/html/quarter-preview/quarter/img/gallery/10.jpg]
[tunatheme.com/tf/html/quarter-preview/quarter/portfolio.html]
[tunatheme.com/tf/html/quarter-preview/quarter/portfolio-2.html]
[tunatheme.com/tf/html/quarter-preview/quarter/img/service/22.jpg]
[tunatheme.com/tf/html/quarter-preview/quarter/img/blog/7.jpg]
[tunatheme.com/tf/html/quarter-preview/quarter/img/blog/8.jpg]
[tunatheme.com/tf/html/quarter-preview/quarter/img/service/33.jpg]
[tunatheme.com/tf/html/quarter-preview/quarter/img/service/34.jpg]
[tunatheme.com/tf/html/quarter-preview/quarter/img/banner/banner-2.jpg]
[tunatheme.com/tf/html/quarter-preview/quarter/portfolio-details.html]
[tunatheme.com/tf/html/quarter-preview/quarter/img/team/3.jpg]
[tunatheme.com/tf/html/quarter-preview/quarter/img/team/1.jpg]
[tunatheme.com/tf/html/quarter-preview/quarter/img/team/6.jpg]
[tunatheme.com/tf/html/quarter-preview/quarter/team.html]
[tunatheme.com/tf/html/quarter-preview/quarter/team-details.html]
[tunatheme.com/tf/html/quarter-preview/quarter/img/banner/banner-3.jpg]
[tunatheme.com/tf/html/quarter-preview/quarter/faq.html]
[tunatheme.com/tf/html/quarter-preview/quarter/shop.html]
[tunatheme.com/tf/html/quarter-preview/quarter/shop-list.html]
[tunatheme.com/tf/html/quarter-preview/quarter/shop-grid.html]
[tunatheme.com/tf/html/quarter-preview/quarter/shop-left-sidebar.html]
[tunatheme.com/tf/html/quarter-preview/quarter/shop-right-sidebar.html]
[tunatheme.com/tf/html/quarter-preview/quarter/img/img-slide/31.jpg]
[tunatheme.com/tf/html/quarter-preview/quarter/img/img-slide/32.jpg]
[tunatheme.com/tf/html/quarter-preview/quarter/img/img-slide/33.jpg]
[tunatheme.com/tf/html/quarter-preview/quarter/img/img-slide/34.jpg]
[tunatheme.com/tf/html/quarter-preview/quarter/img/img-slide/35.jpg]
[tunatheme.com/tf/html/quarter-preview/quarter/img/others/14.jpg]
[tunatheme.com/tf/html/quarter-preview/quarter/img/others/15.jpg]
[tunatheme.com/tf/html/quarter-preview/quarter/img/others/16.jpg]
[tunatheme.com/tf/html/quarter-preview/quarter/img/others/5.jpg]
[tunatheme.com/tf/html/quarter-preview/quarter/img/team/7.jpg]
[tunatheme.com/tf/html/quarter-preview/quarter/img/team/8.jpg]
[tunatheme.com/tf/html/quarter-preview/quarter/img/banner/2.jpg]
[tunatheme.com/tf/html/quarter-preview/quarter/product-details.html]
[tunatheme.com/tf/html/quarter-preview/quarter/cart.html]
[tunatheme.com/tf/html/quarter-preview/quarter/wishlist.html]
[tunatheme.com/tf/html/quarter-preview/quarter/img/icons/payment-3.png]
[tunatheme.com/tf/html/quarter-preview/quarter/checkout.html]
[tunatheme.com/tf/html/quarter-preview/quarter/order-tracking.html]
[tunatheme.com/tf/html/quarter-preview/quarter/account.html]
[tunatheme.com/tf/html/quarter-preview/quarter/login.html]
[tunatheme.com/tf/html/quarter-preview/quarter/register.html]
[tunatheme.com/tf/html/quarter-preview/quarter/img/blog/31.jpg]
[tunatheme.com/tf/html/quarter-preview/quarter/img/blog/32.jpg]
[tunatheme.com/tf/html/quarter-preview/quarter/img/blog/33.jpg]
[tunatheme.com/tf/html/quarter-preview/quarter/img/blog/34.jpg]
[tunatheme.com/tf/html/quarter-preview/quarter/blog.html]
[tunatheme.com/tf/html/quarter-preview/quarter/blog-grid.html]
[tunatheme.com/tf/html/quarter-preview/quarter/blog-left-sidebar.html]
[tunatheme.com/tf/html/quarter-preview/quarter/blog-right-sidebar.html]
[tunatheme.com/tf/html/quarter-preview/quarter/img/blog/35.jpg]
[tunatheme.com/tf/html/quarter-preview/quarter/img/blog/blog-details/1.jpg]
[tunatheme.com/tf/html/quarter-preview/quarter/img/blog/blog-details/11.jpg]
[tunatheme.com/tf/html/quarter-preview/quarter/img/blog/blog-details/12.jpg]
[tunatheme.com/tf/html/quarter-preview/quarter/blog-details.html]
[tunatheme.com/tf/html/quarter-preview/quarter/img/bg/13.jpg]
[tunatheme.com/tf/html/quarter-preview/quarter/history.html]
[tunatheme.com/tf/html/quarter-preview/quarter/add-listing.html]
[tunatheme.com/tf/html/quarter-preview/quarter/img/others/error-1.png]
[tunatheme.com/tf/html/quarter-preview/quarter/404.html]
[tunatheme.com/tf/html/quarter-preview/quarter/img/icons/10.png]
[tunatheme.com/tf/html/quarter-preview/quarter/img/icons/11.png]
[tunatheme.com/tf/html/quarter-preview/quarter/img/icons/12.png]
[tunatheme.com/tf/html/quarter-preview/quarter/js/contact.js]
[tunatheme.com/tf/html/quarter-preview/quarter/contact.html]
[tunatheme.com/tf/html/quarter-preview/quarter/coming-soon.html]
[tunatheme.com/tf/html/quarter-preview/quarter/fonts/flaticon4a47.svg]
[tunatheme.com/tf/html/quarter-preview/quarter/fonts/icomoon7d2d.svg]
[tunatheme.com/tf/html/quarter-preview/quarter/img/bg/22.jpg]
[tunatheme.com/tf/html/quarter-preview/quarter/img/icons/icon-img/22.png]
[tunatheme.com/tf/html/quarter-preview/quarter/img/icons/icon-img/23.png]
[tunatheme.com/tf/html/quarter-preview/quarter/fonts/lightcaseeead.eot]
[tunatheme.com/tf/html/quarter-preview/quarter/fonts/lightcaseeead.woff]
[tunatheme.com/tf/html/quarter-preview/quarter/fonts/lightcaseeead.ttf]
[tunatheme.com/tf/html/quarter-preview/quarter/css/plugins.css]
[tunatheme.com/tf/html/quarter-preview/quarter/js/maplace-active.js]
[tunatheme.com/tf/html/quarter-preview/quarter/locations.html]
[tunatheme.com/tf/html/quarter-preview/quarter/img/slider/52.jpg]
[tunatheme.com/tf/html/quarter-preview/quarter/index-8.html]
[tunatheme.com/tf/html/quarter-preview/quarter/index-10.html]
[tunatheme.com/tf/html/quarter-preview/quarter/index-11.html]
[tunatheme.com/tf/html/quarter-preview/quarter/img/gallery/no-image.html]
[tunatheme.com/tf/html/quarter-preview/quarter/appointment.html]
[tunatheme.com/tf/html/quarter-preview/quarter/fonts/lightcaseeead.svg]
[tunatheme.com/tf/html/quarter-preview/quarter/css/images/ui-bg_inset-hard_100_fcfdfd_1x100.html]
[tunatheme.com/tf/html/quarter-preview/quarter/css/images/ui-bg_gloss-wave_55_5c9ccc_500x100.html]
[tunatheme.com/tf/html/quarter-preview/quarter/css/images/ui-bg_glass_85_dfeffc_1x400.html]
[tunatheme.com/tf/html/quarter-preview/quarter/css/images/ui-bg_glass_75_d0e5f5_1x400.html]
[tunatheme.com/tf/html/quarter-preview/quarter/css/images/ui-bg_inset-hard_100_f5f8f9_1x100.html]
[tunatheme.com/tf/html/quarter-preview/quarter/css/images/ui-bg_glass_95_fef1ec_1x400.html]
[tunatheme.com/tf/html/quarter-preview/quarter/css/images/ui-icons_469bdd_256x240.html]
[tunatheme.com/tf/html/quarter-preview/quarter/css/images/ui-icons_d8e7f3_256x240.html]
[tunatheme.com/tf/html/quarter-preview/quarter/css/images/ui-icons_6da8d5_256x240.html]
[tunatheme.com/tf/html/quarter-preview/quarter/css/images/ui-icons_217bc0_256x240.html]
[tunatheme.com/tf/html/quarter-preview/quarter/css/images/ui-icons_f9bd01_256x240.html]
[tunatheme.com/tf/html/quarter-preview/quarter/css/images/ui-icons_2e83ff_256x240.html]
[tunatheme.com/tf/html/quarter-preview/quarter/css/images/ui-icons_cd0a0a_256x240.html]
